<html>
<body>
<pre>
<h1>µVision Build Log</h1>
<h2>Project:</h2>
E:\v24ce1t1\KEIL\CAN\CAN_RX\CAN_RX.uvproj
Project File Date:  11/12/2024

<h2>Output:</h2>
Build target 'Target 1'
assembling Startup.s...
compiling can_rx_main.c...
linking...
Program Size: Code=2256 RO-data=56 RW-data=0 ZI-data=1256  
"CAN_RX.axf" - 0 Error(s), 0 Warning(s).
Build target 'Target 1'
assembling Startup.s...
compiling can_rx_main.c...
linking...
Program Size: Code=2256 RO-data=56 RW-data=0 ZI-data=1256  
"CAN_RX.axf" - 0 Error(s), 0 Warning(s).
Build target 'Target 1'
assembling Startup.s...
compiling can_rx_main.c...
linking...
Program Size: Code=2528 RO-data=56 RW-data=0 ZI-data=1256  
FromELF: creating hex file...
"CAN_RX.axf" - 0 Error(s), 0 Warning(s).
Build target 'Target 1'
assembling Startup.s...
compiling can_rx_main.c...
linking...
Program Size: Code=2536 RO-data=56 RW-data=0 ZI-data=1256  
FromELF: creating hex file...
"CAN_RX.axf" - 0 Error(s), 0 Warning(s).
Build target 'Target 1'
assembling Startup.s...
compiling can_rx_main.c...
linking...
Program Size: Code=2536 RO-data=56 RW-data=0 ZI-data=1256  
FromELF: creating hex file...
"CAN_RX.axf" - 0 Error(s), 0 Warning(s).
Build target 'Target 1'
assembling Startup.s...
compiling can_rx_main.c...
linking...
Program Size: Code=2536 RO-data=56 RW-data=0 ZI-data=1256  
FromELF: creating hex file...
"CAN_RX.axf" - 0 Error(s), 0 Warning(s).
Build target 'Target 1'
assembling Startup.s...
compiling can_rx_main.c...
can_driver.h(53): warning:  #223-D: function "uart0_tx_str" declared implicitly
can_driver.h:           uart0_tx_str("message passed");
can_driver.h:           ^
uart0_header.h(22): error:  #159: declaration is incompatible with previous "uart0_tx_str" (declared at line 53 of "can_driver.h")
uart0_header.h:   void uart0_tx_str(char *s)
uart0_header.h:        ^
uart0_header.h: can_rx_main.c: 1 warning, 1 error
Target not created
Build target 'Target 1'
assembling Startup.s...
compiling can_rx_main.c...
uart0_header.h(3): error:  #247: function "uart0_config" has already been defined
uart0_header.h:   void uart0_config(unsigned int baud)
uart0_header.h:        ^
uart0_header.h(17): error:  #247: function "uart0_tx" has already been defined
uart0_header.h:   void uart0_tx(char ch)
uart0_header.h:        ^
uart0_header.h(22): error:  #247: function "uart0_tx_str" has already been defined
uart0_header.h:   void uart0_tx_str(char *s)
uart0_header.h:        ^
uart0_header.h(30): error:  #247: function "uart0_rx" has already been defined
uart0_header.h:   char uart0_rx(void)
uart0_header.h:        ^
uart0_header.h(36): error:  #247: function "uart0_rx_str" has already been defined
uart0_header.h:   void uart0_rx_str(char s[], unsigned int max_length)
uart0_header.h:        ^
uart0_header.h(51): error:  #247: function "uart0_tx_integer" has already been defined
uart0_header.h:   void uart0_tx_integer(int num){
uart0_header.h:        ^
uart0_header.h(58): error:  #247: function "uart0_tx_hex" has already been defined
uart0_header.h:   void uart0_tx_hex(int num){
uart0_header.h:        ^
uart0_header.h: can_rx_main.c: 0 warnings, 7 errors
Target not created
Build target 'Target 1'
assembling Startup.s...
compiling can_rx_main.c...
can_driver.h(54): warning:  #223-D: function "uart0_tx_str" declared implicitly
can_driver.h:           uart0_tx_str("message passed");
can_driver.h:           ^
uart0_header.h(22): error:  #159: declaration is incompatible with previous "uart0_tx_str" (declared at line 54 of "can_driver.h")
uart0_header.h:   void uart0_tx_str(char *s)
uart0_header.h:        ^
uart0_header.h: can_rx_main.c: 1 warning, 1 error
Target not created
Build target 'Target 1'
assembling Startup.s...
compiling can_rx_main.c...
can_driver.h(54): warning:  #223-D: function "uart0_tx_str" declared implicitly
can_driver.h:           uart0_tx_str("message passed");
can_driver.h:           ^
uart0_header.h(22): error:  #159: declaration is incompatible with previous "uart0_tx_str" (declared at line 54 of "can_driver.h")
uart0_header.h:   void uart0_tx_str(char *s)
uart0_header.h:        ^
uart0_header.h: can_rx_main.c: 1 warning, 1 error
Target not created
Build target 'Target 1'
assembling Startup.s...
compiling can_rx_main.c...
can_driver.h(54): warning:  #223-D: function "uart0_tx" declared implicitly
can_driver.h:           uart0_tx('A');
can_driver.h:           ^
uart0_header.h(17): error:  #159: declaration is incompatible with previous "uart0_tx" (declared at line 54 of "can_driver.h")
uart0_header.h:   void uart0_tx(char ch)
uart0_header.h:        ^
uart0_header.h: can_rx_main.c: 1 warning, 1 error
Target not created
Build target 'Target 1'
assembling Startup.s...
compiling can_rx_main.c...
uart0_header.h(17): error:  #247: function "uart0_tx" has already been defined
uart0_header.h:   void uart0_tx(char ch)
uart0_header.h:        ^
uart0_header.h(22): error:  #247: function "uart0_tx_str" has already been defined
uart0_header.h:   void uart0_tx_str(char *s)
uart0_header.h:        ^
uart0_header.h: can_rx_main.c: 0 warnings, 2 errors
Target not created
Build target 'Target 1'
assembling Startup.s...
compiling can_rx_main.c...
linking...
Program Size: Code=2616 RO-data=56 RW-data=0 ZI-data=1256  
FromELF: creating hex file...
"CAN_RX.axf" - 0 Error(s), 0 Warning(s).
Build target 'Target 1'
assembling Startup.s...
compiling can_rx_main.c...
linking...
Program Size: Code=2616 RO-data=56 RW-data=0 ZI-data=1256  
FromELF: creating hex file...
"CAN_RX.axf" - 0 Error(s), 0 Warning(s).
Build target 'Target 1'
assembling Startup.s...
compiling can_rx_main.c...
linking...
Program Size: Code=2616 RO-data=56 RW-data=0 ZI-data=1256  
FromELF: creating hex file...
"CAN_RX.axf" - 0 Error(s), 0 Warning(s).
Build target 'Target 1'
assembling Startup.s...
compiling can_rx_main.c...
linking...
Program Size: Code=2616 RO-data=56 RW-data=0 ZI-data=1256  
FromELF: creating hex file...
"CAN_RX.axf" - 0 Error(s), 0 Warning(s).
Build target 'Target 1'
assembling Startup.s...
compiling can_rx_main.c...
linking...
Program Size: Code=2616 RO-data=56 RW-data=0 ZI-data=1256  
FromELF: creating hex file...
"CAN_RX.axf" - 0 Error(s), 0 Warning(s).
Build target 'Target 1'
assembling Startup.s...
compiling can_rx_main.c...
linking...
Program Size: Code=2616 RO-data=56 RW-data=0 ZI-data=1256  
FromELF: creating hex file...
"CAN_RX1.axf" - 0 Error(s), 0 Warning(s).
Build target 'Target 1'
assembling Startup.s...
compiling can_rx_main.c...
linking...
Program Size: Code=2644 RO-data=56 RW-data=0 ZI-data=1256  
FromELF: creating hex file...
"CAN_RX1.axf" - 0 Error(s), 0 Warning(s).
Build target 'Target 1'
assembling Startup.s...
compiling can_rx_main.c...
linking...
Program Size: Code=2564 RO-data=56 RW-data=0 ZI-data=1256  
FromELF: creating hex file...
"CAN_RX1.axf" - 0 Error(s), 0 Warning(s).
Build target 'Target 1'
assembling Startup.s...
compiling can_rx_main.c...
linking...
Program Size: Code=2560 RO-data=56 RW-data=0 ZI-data=1256  
FromELF: creating hex file...
"CAN_RX1.axf" - 0 Error(s), 0 Warning(s).
Build target 'Target 1'
assembling Startup.s...
compiling can_rx_main.c...
linking...
Program Size: Code=2560 RO-data=56 RW-data=0 ZI-data=1256  
FromELF: creating hex file...
"CAN_RX1.axf" - 0 Error(s), 0 Warning(s).
Build target 'Target 1'
assembling Startup.s...
compiling can_rx_main.c...
linking...
Program Size: Code=2560 RO-data=56 RW-data=0 ZI-data=1256  
FromELF: creating hex file...
"CAN_RX_1.axf" - 0 Error(s), 0 Warning(s).
